Restarting notification-service...
Waiting for service to be ready...
Attempt 1 failed: ('Connection aborted.', RemoteDisconnected('Remote end closed connection without response'))
Response status: 200
Response body:
[]

